node : (node:11396) [DEP0123] 
DeprecationWarning: Setting the TLS ServerName 
to an IP address is not permitted by RFC 6066. 
This will be ignored in a future version.
En línea: 1 Carácter: 1
+ node test-all-models.js > test_output.txt 2>&1
+ ~~~~~~~~~~~~~~~~~~~~~~~~~~~~~~~~~~~~~~~~~~~~~~
    + CategoryInfo          : NotSpecified: ((n 
   ode:11396) [D...future version.:String) [],  
   RemoteException
    + FullyQualifiedErrorId : NativeCommandErro 
   r
 
(Use `node --trace-deprecation ...` to show 
where the warning was created)
Testing models/gemini-2.5-flash...
  SUCCESS! Use: models/gemini-2.5-flash
